2026-04-28 20:14:03,765 INFO o.a.j.u.JMeterUtils: Setting Locale to en_EN
2026-04-28 20:14:03,783 INFO o.a.j.JMeter: Loading user properties from: C:\Users\Fideligo\Downloads\apache-jmeter-5.6.3\apache-jmeter-5.6.3\bin\user.properties
2026-04-28 20:14:03,785 INFO o.a.j.JMeter: Loading system properties from: C:\Users\Fideligo\Downloads\apache-jmeter-5.6.3\apache-jmeter-5.6.3\bin\system.properties
2026-04-28 20:14:03,789 INFO o.a.j.JMeter: Copyright (c) 1998-2024 The Apache Software Foundation
2026-04-28 20:14:03,789 INFO o.a.j.JMeter: Version 5.6.3
2026-04-28 20:14:03,790 INFO o.a.j.JMeter: java.version=21.0.10
2026-04-28 20:14:03,790 INFO o.a.j.JMeter: java.vm.name=OpenJDK 64-Bit Server VM
2026-04-28 20:14:03,790 INFO o.a.j.JMeter: os.name=Windows 11
2026-04-28 20:14:03,790 INFO o.a.j.JMeter: os.arch=amd64
2026-04-28 20:14:03,790 INFO o.a.j.JMeter: os.version=10.0
2026-04-28 20:14:03,790 INFO o.a.j.JMeter: file.encoding=UTF-8
2026-04-28 20:14:03,790 INFO o.a.j.JMeter: java.awt.headless=true
2026-04-28 20:14:03,790 INFO o.a.j.JMeter: Max memory     =1073741824
2026-04-28 20:14:03,790 INFO o.a.j.JMeter: Available Processors =22
2026-04-28 20:14:03,797 INFO o.a.j.JMeter: Default Locale=English (EN)
2026-04-28 20:14:03,797 INFO o.a.j.JMeter: JMeter  Locale=English (EN)
2026-04-28 20:14:03,797 INFO o.a.j.JMeter: JMeterHome=C:\Users\Fideligo\Downloads\apache-jmeter-5.6.3\apache-jmeter-5.6.3
2026-04-28 20:14:03,797 INFO o.a.j.JMeter: user.dir  =C:\Fideligo\Kuliah\Semester04\Advanced Programming\modul\modul7
2026-04-28 20:14:03,797 INFO o.a.j.JMeter: PWD       =C:\Fideligo\Kuliah\Semester04\Advanced Programming\modul\modul7
2026-04-28 20:14:03,798 INFO o.a.j.JMeter: IP: 192.168.1.3 Name: Zenbook-Fideligo FullName: Zenbook-Fideligo
2026-04-28 20:14:03,816 INFO o.a.j.s.FileServer: Default base='C:\Fideligo\Kuliah\Semester04\Advanced Programming\modul\modul7'
2026-04-28 20:14:03,818 INFO o.a.j.s.FileServer: Set new base='C:\Fideligo\Kuliah\Semester04\Advanced Programming\modul\modul7'
2026-04-28 20:14:03,975 INFO o.a.j.s.SaveService: Testplan (JMX) version: 2.2. Testlog (JTL) version: 2.2
2026-04-28 20:14:03,999 INFO o.a.j.s.SaveService: Using SaveService properties version 5.0
2026-04-28 20:14:04,001 INFO o.a.j.s.SaveService: Using SaveService properties file encoding UTF-8
2026-04-28 20:14:04,004 INFO o.a.j.s.SaveService: Loading file: test_plan_1.jmx
2026-04-28 20:14:04,048 INFO o.a.j.p.h.s.HTTPSamplerBase: Parser for text/html is org.apache.jmeter.protocol.http.parser.LagartoBasedHtmlParser
2026-04-28 20:14:04,049 INFO o.a.j.p.h.s.HTTPSamplerBase: Parser for application/xhtml+xml is org.apache.jmeter.protocol.http.parser.LagartoBasedHtmlParser
2026-04-28 20:14:04,049 INFO o.a.j.p.h.s.HTTPSamplerBase: Parser for application/xml is org.apache.jmeter.protocol.http.parser.LagartoBasedHtmlParser
2026-04-28 20:14:04,049 INFO o.a.j.p.h.s.HTTPSamplerBase: Parser for text/xml is org.apache.jmeter.protocol.http.parser.LagartoBasedHtmlParser
2026-04-28 20:14:04,049 INFO o.a.j.p.h.s.HTTPSamplerBase: Parser for text/vnd.wap.wml is org.apache.jmeter.protocol.http.parser.RegexpHTMLParser
2026-04-28 20:14:04,049 INFO o.a.j.p.h.s.HTTPSamplerBase: Parser for text/css is org.apache.jmeter.protocol.http.parser.CssParser
2026-04-28 20:14:04,073 INFO o.a.j.JMeter: Creating summariser <summary>
2026-04-28 20:14:04,086 INFO o.a.j.e.StandardJMeterEngine: Running the test!
2026-04-28 20:14:04,087 INFO o.a.j.s.SampleEvent: List of sample_variables: []
2026-04-28 20:14:04,088 INFO o.a.j.s.SampleEvent: List of sample_variables: []
2026-04-28 20:14:04,092 INFO o.a.j.e.u.CompoundVariable: Note: Function class names must contain the string: '.functions.'
2026-04-28 20:14:04,092 INFO o.a.j.e.u.CompoundVariable: Note: Function class names must not contain the string: '.gui.'
2026-04-28 20:14:04,155 INFO o.a.j.JMeter: Running test (1777382044155)
2026-04-28 20:14:04,171 INFO o.a.j.e.StandardJMeterEngine: Starting ThreadGroup: 1 : Thread Group 1
2026-04-28 20:14:04,171 INFO o.a.j.e.StandardJMeterEngine: Starting 10 threads for group Thread Group 1.
2026-04-28 20:14:04,171 INFO o.a.j.e.StandardJMeterEngine: Thread will continue on error
2026-04-28 20:14:04,171 INFO o.a.j.t.ThreadGroup: Starting thread group... number=1 threads=10 ramp-up=1 delayedStart=false
2026-04-28 20:14:04,179 INFO o.a.j.t.ThreadGroup: Started thread group number 1
2026-04-28 20:14:04,179 INFO o.a.j.e.StandardJMeterEngine: All thread groups have been started
2026-04-28 20:14:04,179 INFO o.a.j.t.JMeterThread: Thread started: Thread Group 1 1-1
2026-04-28 20:14:04,191 INFO o.a.j.p.h.s.HTTPHCAbstractImpl: Local host = Zenbook-Fideligo
2026-04-28 20:14:04,195 INFO o.a.j.p.h.s.HTTPHC4Impl: HTTP request retry count = 0
2026-04-28 20:14:04,197 INFO o.a.j.s.SampleResult: Note: Sample TimeStamps are START times
2026-04-28 20:14:04,197 INFO o.a.j.s.SampleResult: sampleresult.default.encoding is set to UTF-8
2026-04-28 20:14:04,197 INFO o.a.j.s.SampleResult: sampleresult.useNanoTime=true
2026-04-28 20:14:04,197 INFO o.a.j.s.SampleResult: sampleresult.nanoThreadSleep=5000
2026-04-28 20:14:04,276 INFO o.a.j.t.JMeterThread: Thread started: Thread Group 1 1-2
2026-04-28 20:14:04,375 INFO o.a.j.t.JMeterThread: Thread started: Thread Group 1 1-3
2026-04-28 20:14:04,476 INFO o.a.j.t.JMeterThread: Thread started: Thread Group 1 1-4
2026-04-28 20:14:04,575 INFO o.a.j.t.JMeterThread: Thread started: Thread Group 1 1-5
2026-04-28 20:14:04,675 INFO o.a.j.t.JMeterThread: Thread started: Thread Group 1 1-6
2026-04-28 20:14:04,774 INFO o.a.j.t.JMeterThread: Thread started: Thread Group 1 1-7
2026-04-28 20:14:04,875 INFO o.a.j.t.JMeterThread: Thread started: Thread Group 1 1-8
2026-04-28 20:14:04,976 INFO o.a.j.t.JMeterThread: Thread started: Thread Group 1 1-9
2026-04-28 20:14:05,073 INFO o.a.j.t.JMeterThread: Thread started: Thread Group 1 1-10
2026-04-28 20:20:25,086 INFO o.a.j.t.JMeterThread: Stopping because end time detected by thread: Thread Group 1 1-1
2026-04-28 20:20:25,086 INFO o.a.j.t.JMeterThread: Thread is done: Thread Group 1 1-1
2026-04-28 20:20:25,086 INFO o.a.j.t.JMeterThread: Thread finished: Thread Group 1 1-1
2026-04-28 20:20:34,517 INFO o.a.j.r.Summariser: summary +      2 in 00:06:30 =    0.0/s Avg: 385122 Min: 380806 Max: 389439 Err:     0 (0.00%) Active: 9 Started: 10 Finished: 1
2026-04-28 20:20:34,518 INFO o.a.j.t.JMeterThread: Stopping because end time detected by thread: Thread Group 1 1-10
2026-04-28 20:20:34,518 INFO o.a.j.t.JMeterThread: Thread is done: Thread Group 1 1-10
2026-04-28 20:20:34,519 INFO o.a.j.t.JMeterThread: Thread finished: Thread Group 1 1-10
2026-04-28 20:20:34,877 INFO o.a.j.t.JMeterThread: Stopping because end time detected by thread: Thread Group 1 1-8
2026-04-28 20:20:34,877 INFO o.a.j.t.JMeterThread: Thread is done: Thread Group 1 1-8
2026-04-28 20:20:34,877 INFO o.a.j.t.JMeterThread: Thread finished: Thread Group 1 1-8
2026-04-28 20:20:58,374 INFO o.a.j.t.JMeterThread: Stopping because end time detected by thread: Thread Group 1 1-2
2026-04-28 20:20:58,374 INFO o.a.j.t.JMeterThread: Thread is done: Thread Group 1 1-2
2026-04-28 20:20:58,375 INFO o.a.j.t.JMeterThread: Thread finished: Thread Group 1 1-2
2026-04-28 20:20:58,798 INFO o.a.j.t.JMeterThread: Stopping because end time detected by thread: Thread Group 1 1-5
2026-04-28 20:20:58,798 INFO o.a.j.t.JMeterThread: Thread is done: Thread Group 1 1-5
2026-04-28 20:20:58,799 INFO o.a.j.t.JMeterThread: Thread finished: Thread Group 1 1-5
2026-04-28 20:21:02,046 INFO o.a.j.r.Summariser: summary +      4 in 00:00:28 =    0.1/s Avg: 408996 Min: 390000 Max: 417668 Err:     0 (0.00%) Active: 5 Started: 10 Finished: 5
2026-04-28 20:21:02,047 INFO o.a.j.r.Summariser: summary =      6 in 00:06:58 =    0.0/s Avg: 401038 Min: 380806 Max: 417668 Err:     0 (0.00%)
2026-04-28 20:21:02,048 INFO o.a.j.t.JMeterThread: Stopping because end time detected by thread: Thread Group 1 1-3
2026-04-28 20:21:02,048 INFO o.a.j.t.JMeterThread: Thread is done: Thread Group 1 1-3
2026-04-28 20:21:02,049 INFO o.a.j.t.JMeterThread: Thread finished: Thread Group 1 1-3
2026-04-28 20:21:06,285 INFO o.a.j.t.JMeterThread: Stopping because end time detected by thread: Thread Group 1 1-9
2026-04-28 20:21:06,286 INFO o.a.j.t.JMeterThread: Thread is done: Thread Group 1 1-9
2026-04-28 20:21:06,286 INFO o.a.j.t.JMeterThread: Thread finished: Thread Group 1 1-9
2026-04-28 20:21:07,934 INFO o.a.j.t.JMeterThread: Stopping because end time detected by thread: Thread Group 1 1-7
2026-04-28 20:21:07,934 INFO o.a.j.t.JMeterThread: Thread is done: Thread Group 1 1-7
2026-04-28 20:21:07,934 INFO o.a.j.t.JMeterThread: Thread finished: Thread Group 1 1-7
2026-04-28 20:21:20,270 INFO o.a.j.t.JMeterThread: Stopping because end time detected by thread: Thread Group 1 1-6
2026-04-28 20:21:20,270 INFO o.a.j.t.JMeterThread: Thread is done: Thread Group 1 1-6
2026-04-28 20:21:20,270 INFO o.a.j.t.JMeterThread: Thread finished: Thread Group 1 1-6
2026-04-28 20:21:22,115 INFO o.a.j.t.JMeterThread: Stopping because end time detected by thread: Thread Group 1 1-4
2026-04-28 20:21:22,116 INFO o.a.j.t.JMeterThread: Thread is done: Thread Group 1 1-4
2026-04-28 20:21:22,116 INFO o.a.j.t.JMeterThread: Thread finished: Thread Group 1 1-4
2026-04-28 20:21:22,116 INFO o.a.j.e.StandardJMeterEngine: Notifying test listeners of end of test
2026-04-28 20:21:22,118 INFO o.a.j.r.Summariser: summary +      4 in 00:00:20 =    0.2/s Avg: 429423 Min: 421308 Max: 437638 Err:     0 (0.00%) Active: 0 Started: 10 Finished: 10
2026-04-28 20:21:22,129 INFO o.a.j.r.Summariser: summary =     10 in 00:07:18 =    0.0/s Avg: 412392 Min: 380806 Max: 437638 Err:     0 (0.00%)
